[2026-07-14 11:22:53] =======================================================
[2026-07-14 11:22:53] Inici actualitzacio automatica de preus
[2026-07-14 11:22:53] --- Producte: Brut Nature 0.75cl ---
[2026-07-14 11:22:53]   Ametller Origen: sense scraping (preu manual), s'omet.
[2026-07-14 11:22:53]   Bodeboca: sense scraping (preu manual), s'omet.
[2026-07-14 11:22:53]   Bodega Vidal: consultant https://bodegavidal.com/producto/llopart-brut-nature-reserva...
[2026-07-14 11:22:53]   Bodega Vidal: OK → 14.23 €
[2026-07-14 11:22:53]   Bonpreu Esclat: consultant https://www.compraonline.bonpreuesclat.cat/products/llopart-...
[2026-07-14 11:22:55]   Bonpreu Esclat: OK → 15.69 €
[2026-07-14 11:22:55]   Cal Angel: consultant https://calangel.com/ca/corpinnat/970-llopart-brut-nature-20...
[2026-07-14 11:22:56]   Cal Angel: OK → 15.24 €
[2026-07-14 11:22:56]   Cal Feru: consultant https://www.calferu.com/ca_ES/shop/35115-2022-llopart-reserv...
[2026-07-14 11:22:57]   Cal Feru: OK → 16.65 €
[2026-07-14 11:22:57]   Caprabo: consultant https://www.capraboacasa.com/ca/productdetail/10954733-cava-...
[2026-07-14 11:22:58]   Caprabo: OK → 16.95 €
[2026-07-14 11:22:58]   Carviresa: consultant https://carviresa.com/ca/pr/assortit-productes-seleccio-carv...
[2026-07-14 11:23:03]   Carviresa: OK → 15.48 €
[2026-07-14 11:23:03]   Cash Montseny: consultant https://cashmontseny.com/epages/ed1404.sf/ca_ES/?ObjectPath=...
[2026-07-14 11:23:04]   Cash Montseny: OK → 14.05 €
[2026-07-14 11:23:04]   Celler de gelida: consultant https://cellerdegelida.net/producto/llopart-brut-nature-75cl...
[2026-07-14 11:23:06]   Celler de gelida: OK → 16.95 €
[2026-07-14 11:23:06]   Condis: sense scraping (preu manual), s'omet.
[2026-07-14 11:23:06]   Decantalo: sense scraping (preu manual), s'omet.
[2026-07-14 11:23:06]   Degusta'm: consultant https://degustam.com/es/vinos/169-llopart-brut-nature-reserv...
[2026-07-14 11:23:08]   Degusta'm: OK → 15.50 €
[2026-07-14 11:23:08]   Descorcha y bebe: consultant https://descorchaybebe.com/espumosos-corpinnat/4677-llopart-...
[2026-07-14 11:23:09]   Descorcha y bebe: OK → 17.95 €
[2026-07-14 11:23:09]   EnBotella: consultant https://www.enbotella.com/es/llopart-brut-nature-reserva...
[2026-07-14 11:23:11]   EnBotella: OK → 15.48 €
[2026-07-14 11:23:11]   EnterWine: consultant https://www.enterwine.com/ca/llopart-brut-nature-2022...
[2026-07-14 11:23:11]   EnterWine: OK → 15.20 €
[2026-07-14 11:23:11]   Grau Online: consultant https://www.grauonline.cat/vins-escumosos/llopart-reserva-br...
[2026-07-14 11:23:14]   Grau Online: OK → 15.68 €
[2026-07-14 11:23:14]   La Branca: consultant https://shop.la-branca.com/productos/llopart--brut-nature-re...
[2026-07-14 11:23:15]   La Branca: OK → 16.40 €
[2026-07-14 11:23:15]   La Fuente: consultant https://lafuente.es/tienda/llopart-brut-nature-reserva/...
[2026-07-14 11:23:17]   La Fuente: OK → 17.45 €
[2026-07-14 11:23:17]   La Vinateria: consultant https://www.lavinateria.net/ca/espumosos/8957-llopart-brut-n...
[2026-07-14 11:23:19]   La Vinateria: OK → 15.50 €
[2026-07-14 11:23:19]   Móntatelo en casa: consultant https://www.montateloencasa.com/espumosos/102431-cava-reserv...
[2026-07-14 11:23:21]   Móntatelo en casa: OK → 18.91 €
[2026-07-14 11:23:21]   Private Celler: consultant https://privateceller.com/en/white-sparkling-wine-sparkling-...
[2026-07-14 11:23:22]   Private Celler: OK → 18.95 €
[2026-07-14 11:23:22]   Santa Cecilia: consultant https://santacecilia.es/comprar-vinos/vinos-espumosos/llopar...
[2026-07-14 11:23:23]   Santa Cecilia: OK → 16.75 €
[2026-07-14 11:23:23]   Sorli: sense scraping (preu manual), s'omet.
[2026-07-14 11:23:23]   TendaVins: consultant https://tendavins.com/cavas-champagne-y-espumosos/182-cava-l...
[2026-07-14 11:23:24]   TendaVins: OK → 16.50 €
[2026-07-14 11:23:24]   TotVi: consultant https://www.totvi.com/llopart-brut-nature-reserva.html...
[2026-07-14 11:23:25]   TotVi: OK → 15.80 €
[2026-07-14 11:23:25]   Verema i Collita: consultant https://www.veremaicollitabarcelona.com/product-page/llopart...
[2026-07-14 11:23:25]   Verema i Collita: OK → 15.90 €
[2026-07-14 11:23:25]   Vinissimus: consultant https://www.vinissimus.com/es/cava/llopart-reserva-brut-natu...
[2026-07-14 11:23:26]   Vinissimus: OK → 15.75 €
[2026-07-14 11:23:26]   Vino Premier: consultant https://vinopremier.com/vino-espumoso-llopart-reserva-brut-n...
[2026-07-14 11:23:47]   Vino Premier: selector actualitzat a 'json-ld:price'
[2026-07-14 11:23:47]   Vino Premier: OK → 16.25 €
[2026-07-14 11:23:47]   VinoVí: consultant https://www.vino-vi.com/es/espumante-cava-y-champagne/301-ll...
[2026-07-14 11:23:49]   VinoVí: OK → 16.30 €
[2026-07-14 11:23:49]   Vinomada: sense scraping (preu manual), s'omet.
[2026-07-14 11:23:49]   Vinos  Online: consultant https://vinosonline.es/es/vino-espumoso/6661-llopart-reserva...
[2026-07-14 11:23:51]   Vinos  Online: OK → 16.11 €
[2026-07-14 11:23:51]   Vinos Baco: consultant https://www.vinosbaco.com/producto/llopart-brut-nature/...
[2026-07-14 11:23:52]   Vinos Baco: OK → 16.75 €
[2026-07-14 11:23:52]   Vinos Barcelona: consultant https://www.vinosbarcelona.com/cavas-barcelona/cava-brut-nat...
[2026-07-14 11:23:56]   Vinos Barcelona: OK → 15.90 €
[2026-07-14 11:23:56]   Vinos en Casa: consultant https://www.vinosencasa.com/b2c/producto/30268/1/llopart-bru...
[2026-07-14 11:23:57]   Vinos en Casa: OK → 15.75 €
[2026-07-14 11:23:57]   Vins Noe: consultant https://vinsnoe.com/ca/1301-llopart-reserva-brut-nature-8425...
[2026-07-14 11:23:58]   Vins Noe: OK → 16.30 €
[2026-07-14 11:23:58]   Vins a casa: consultant https://www.vinsacasa.com/do-cava/219-llopart-brut-nature.ht...
[2026-07-14 11:23:59]   Vins a casa: OK → 15.65 €
[2026-07-14 11:23:59]   Vivónium: consultant https://vivonium.es/tienda/cava-llopart-brut-nature-reserva/...
[2026-07-14 11:24:02]   Vivónium: OK → 13.02 €
[2026-07-14 11:24:02]   Winepalace: consultant https://winepalace.es/espumoso/corpinnat-llopart-reserva-bru...
[2026-07-14 11:24:04]   Winepalace: OK → 16.85 €
[2026-07-14 11:24:04] --- Producte: Integral 0.75cl ---
[2026-07-14 11:24:04]   Bonpreu Esclat: consultant https://www.compraonline.bonpreuesclat.cat/products/llopart-...
[2026-07-14 11:24:05]   Bonpreu Esclat: OK → 16.79 €
[2026-07-14 11:24:05]   Cal Feru: consultant https://www.calferu.com/en/shop/llopart-integral-reserva-bru...
[2026-07-14 11:24:06]   Cal Feru: OK → 18.30 €
[2026-07-14 11:24:06] --- Producte: Rosé 0.75cl ---
[2026-07-14 11:24:06]   Bonpreu Esclat: consultant https://www.compraonline.bonpreuesclat.cat/products/llopart-...
[2026-07-14 11:24:09]   Bonpreu Esclat: OK → 17.65 €
[2026-07-14 11:24:09]   Vinissimus: consultant https://www.vinissimus.com/es/cava/llopart-rose-brut/...
[2026-07-14 11:24:10]   Vinissimus: OK → 19.15 €
[2026-07-14 11:24:10] Scraping finalitzat: 37 ok, 0 errors de 43 URLs.
[2026-07-14 11:24:10] Generant Excel...
[2026-07-14 11:24:10] Excel generat correctament: seguiment_preus.xlsx
[2026-07-14 11:24:10] Actualitzacio completada.
[2026-07-14 11:24:10] =======================================================
